[{"type":"STRING","name":"another_name","lineNumber":4,"columnNumber":31,"resourceFilePath":"buck-out/gen/generated_res/gen-res/res/values/strings.xml"},{"type":"STRING","name":"some_name","lineNumber":3,"columnNumber":28,"resourceFilePath":"buck-out/gen/generated_res/gen-res/res/values/strings.xml"}]