<?xml version="1.0" encoding="UTF-8"?>
<module type="JAVA_MODULE" version="4">
  <component name="NewModuleRootManager" inherit-compiler-output="true">
    <content url="file://$MODULE_DIR$">
      <sourceFolder url="file://$MODULE_DIR$" isTestSource="true" packagePrefix="test" />
    </content>
    <content url="file://$MODULE_DIR$/../buck-out/android/test/gen">
      <sourceFolder url="file://$MODULE_DIR$/../buck-out/android/test/gen" isTestSource="false" />
    </content>
    <orderEntry type="sourceFolder" forTests="false" />
    <orderEntry type="library" exported="" name="junit_4_11" level="project" />
    <orderEntry type="module" module-name="module_src" scope="TEST" />
    <orderEntry type="jdk" jdkName="1.6" jdkType="JavaSDK" />
  </component>
</module>
