library --lib @/buck-out/gen/js/extras#ios,release.json --lib @/buck-out/gen/js/fruit#ios,release.json --root @
library --root @
optimize --arbitrary extra --flags --platform ios
transform --arbitrary extra --flags --filename js/extras/choclate-chips.js
var choclateChips;
optimize --arbitrary extra --flags --platform ios
transform --arbitrary extra --flags --filename js/extras/yoghurt.js
var yoghurt;
library --root @
optimize --platform ios
transform --filename js/apple.js
var apple;
optimize --platform ios
transform --filename js/banana.js
var banana;
optimize --platform ios
transform --filename js/pear.js
var pear;
optimize --platform ios
transform --filename js/fruit-salad.js
var fruitSalad;
