library --root @
transform --filename buck-out/gen/external/exported.js
var exported;
