{"command":"library-dependencies","release":true,"rootPath":"@","platform":"android","outputPath":"@/buck-out/gen/js/fruit#android,release.jslib","dependencyLibraryFilePaths":[],"aggregatedSourceFilesFilePath":"@/buck-out/gen/js/fruit#_files_,android,release.jslib"}
library-files --release --platform android --root @
optimize --platform android
{"command":"transform","outputFilePath":"@/buck-out/gen/js/fruit#file-apple.js-9635e8d52e.jsfile","sourceJsFilePath":"@/js/apple.js","sourceJsFileName":"js/apple.js"}
var apple;
optimize --platform android
{"command":"transform","outputFilePath":"@/buck-out/gen/js/fruit#file-banana.js-b5d5d641eb.jsfile","sourceJsFilePath":"@/js/banana.js","sourceJsFileName":"js/banana.js"}
var banana;
optimize --platform android
{"command":"transform","outputFilePath":"@/buck-out/gen/js/fruit#file-pear.js-b84041fd03.jsfile","sourceJsFilePath":"@/js/pear.js","sourceJsFileName":"js/pear.js"}
var pear;
