library --lib @/buck-out/gen/js/extras.json --lib @/buck-out/gen/js/fruit.json --root @
library --root @
transform --arbitrary extra --flags --filename js/extras/choclate-chips.js
var choclateChips;
transform --arbitrary extra --flags --filename js/extras/yoghurt.js
var yoghurt;
library --root @
transform --filename js/apple.js
var apple;
transform --filename js/banana.js
var banana;
transform --filename js/pear.js
var pear;
transform --filename js/fruit-salad.js
var fruitSalad;
